// Jest Snapshot v1, https://goo.gl/fbAQLP

exports[`TodoItem mounts without errors 1`] = `<div class="todo-item"><input type="checkbox"> todo <span class="float-right">Ã—</span></div>`;
